// Jest Snapshot v1, https://goo.gl/fbAQLP

exports[`Dashboard <Home /> renders correctly 1`] = `
Array [
  <div
    className="card-columns"
  >
    <div
      className="card bg-danger text-white"
    >
      <div
        className="card-header"
      >
        Users: 
        2000
      </div>
      <div
        className="card-body"
      >
        <h3>
          Activated Users: 
          1991
        </h3>
        <h3>
          Inactive Users: 
          9
        </h3>
        <h3>
          Active Tokens: 
          300
        </h3>
      </div>
    </div>
    <div
      className="card bg-primary text-white"
    >
      <div
        className="card-body"
      >
        <h2>
          Tags: 
          115
        </h2>
      </div>
    </div>
    <div
      className="card bg-secondary text-white"
    >
      <div
        className="card-body"
      >
        <h2>
          Vendors: 
          98
        </h2>
      </div>
    </div>
    <div
      className="card bg-info text-white"
    >
      <div
        className="card-header"
      >
        Flavors: 
        8617
      </div>
      <div
        className="card-body"
      >
        <h2>
          Tags: 
          90
        </h2>
      </div>
    </div>
    <div
      className="card bg-warning text-white"
    >
      <div
        className="card-header"
      >
        Recipes: 
        42
      </div>
      <div
        className="card-body"
      >
        <h2>
          Tags: 
          55
        </h2>
      </div>
    </div>
  </div>,
  <a
    href="#home"
    onClick={[Function]}
    title="Refresh Stats"
  >
    <i
      className="fa [object Object]"
    />
  </a>,
]
`;
