// Jest Snapshot v1, https://goo.gl/fbAQLP

exports[`Dashboard <Link /> renders correctly 1`] = `
<a
  href="#home"
  onClick={[Function]}
>
  Dashboard
</a>
`;
