// Jest Snapshot v1, https://goo.gl/fbAQLP

exports[`Dashboard <Users /> renders correctly 1`] = `
<div
  className="card"
  style={Object {}}
>
  <div
    className="card-header"
  >
    Users
  </div>
  <div
    className="card-body"
  >
    <div
      className="table-responsive"
    >
      <table
        className="table table-sm table-striped table-bordered table-hover"
      >
        <thead>
          <tr>
            <th>
              ID
            </th>
            <th>
              Email
            </th>
            <th>
              Activated
            </th>
            <th>
              Options
            </th>
          </tr>
        </thead>
        <tbody />
      </table>
    </div>
  </div>
</div>
`;
