// Jest Snapshot v1, https://goo.gl/fbAQLP

exports[`Dashboard <RoleAdd /> renders correctly 1`] = `
<div
  className="card"
  style={Object {}}
>
  <div
    className="card-header"
  >
    Roles &gt; Add Role
  </div>
  <div
    className="card-body"
  >
    
    
    <i
      className="fa chevron-left"
    />
     Â 
    <a
      href="#roles"
      onClick={[Function]}
    >
      <span>
        Back
      </span>
    </a>
    <form
      className=""
      noValidate={true}
      onSubmit={[Function]}
    >
      <div
        className="form-group"
      >
        <label
          className="form-label"
        >
          Role Name
        </label>
        <input
          className="form-control"
          name="name"
          onBlur={[Function]}
          onChange={[Function]}
          onFocus={[Function]}
          placeholder="role name"
          type="text"
          value=""
        />
      </div>
      <button
        className="button-animation btn btn-primary"
        disabled={false}
        type="submit"
      >
        <span>
          Save
        </span>
      </button>
    </form>
  </div>
</div>
`;
