// Jest Snapshot v1, https://goo.gl/fbAQLP

exports[`Dashboard <RoleUsers /> renders correctly 1`] = `
<div
  className="card"
  style={Object {}}
>
  <div
    className="card-header"
  >
    Roles &gt; Luser
  </div>
  <div
    className="card-body"
  >
    <i
      className="fa [object Object]"
    />
     Â 
    <a
      href="#roles"
      onClick={[Function]}
    >
      Back
    </a>
    <div
      className="table-responsive"
    >
      <table
        className="table table-sm table-striped table-bordered table-hover"
      >
        <thead>
          <tr>
            <th>
              ID
            </th>
            <th>
              Email
            </th>
            <th>
              Options
            </th>
          </tr>
        </thead>
        <tbody />
      </table>
    </div>
  </div>
</div>
`;
